(define (a + x y)
    (+ (x y) (<function b(@)> (<function c(op quote)> +)))
    )
(define (b @)
    (<builtin display(item)> (<builtin quote($item)> (+ + +)))
    (<builtin *(@)> (g <builtin -(@)> @) (<function c(op quote)> <builtin +(@)> @ @) (<function d(items)> (<builtin car(items)> @)))
    )
(define (c op quote)
    (op quote quote)
    )
(define (d items)
    (g <builtin -(@)> items)
    )
